[Map]
author=Sean_O'Connor
warn=yes
image=Africa.bmp
wrap=no
scroll=horizontal

[Continents]
Northern_Africa=4
Southern_Africa=3
Western_Africa=7
Eastern_Africa=3
Central_Africa=6
The_Horn=3
The_Congo=5


[Territories]
Morocco,127,46,Northern_Africa,Western_Sahara,Algeria
Algeria,193,85,Northern_Africa,Morocco,Western_Sahara,Mauritania,Mali,Niger,Libya,Tunisia
Tunisia,252,33,Northern_Africa,Algeria,Libya
Libya,314,94,Northern_Africa,North_Sudan,Tunisia,Algeria,Niger,Chad,Egypt
Egypt,415,99,Northern_Africa,Libya,North_Sudan

Western_Sahara,62,103,Western_Africa,Morocco,Algeria,Mauritania
Mauritania,84,147,Western_Africa,Western_Sahara,Algeria,Mali,Senegal
Senegal,36,203,Western_Africa,Mauritania,Mali,Guinea
Mali,144,178,Western_Africa,Senegal,Mauritania,Algeria,Niger,Burkina_Faso,Ivory_Coast,Guinea
Guinea,65,236,Western_Africa,Senegal,Mali,Ivory_Coast,Sierra_Leone,Liberia
Sierra_Leone,56,255,Western_Africa,Guinea,Liberia
Liberia,77,276,Western_Africa,Sierra_Leone,Guinea,Ivory_Coast
Ivory_Coast,112,268,Western_Africa,Liberia,Guinea,Mali,Burkina_Faso,Ghana
Burkina_Faso,146,223,Western_Africa,Mali,Niger,Benin,Ghana,Ivory_Coast
Benin,174,259,Western_Africa,Burkina_Faso,Niger,Nigeria,Ghana
Ghana,150,266,Western_Africa,Burkina_Faso,Benin,Ivory_Coast

Niger,248,180,Central_Africa,Mali,Algeria,Libya,Chad,Nigeria,Benin,Burkina_Faso
Nigeria,229,254,Central_Africa,Niger,Chad,Cameroon,Benin
Chad,325,197,Central_Africa,Libya,North_Sudan,South_Sudan,Central_African_Rep.,Cameroon,Nigeria,Niger
Cameroon,271,293,Central_Africa,Nigeria,Chad,Central_African_Rep.,Rep._of_the_Congo,Gabon
Central_African_Rep.,341,278,Central_Africa,Chad,South_Sudan,D.R.O.T._Congo,Rep._of_the_Congo,Cameroon

North_Sudan,427,179,The_Horn,Egypt,Libya,Eritrea,Ethiopia,South_Sudan,Chad
South_Sudan,421,253,The_Horn,North_Sudan,Ethiopia,Kenya,Uganda,D.R.O.T._Congo,Central_African_Rep.,Chad
Eritrea,507,199,The_Horn,North_Sudan,Somalia,Ethiopia
Ethiopia,510,256,The_Horn,Eritrea,Somalia,Kenya,South_Sudan,North_Sudan
Somalia,584,274,The_Horn,Eritrea,Ethiopia,Kenya

Gabon,264,339,The_Congo,Cameroon,Rep._of_the_Congo
Rep._of_the_Congo,299,345,The_Congo,Cameroon,Central_African_Rep.,D.R.O.T._Congo,Gabon
D.R.O.T._Congo,372,356,The_Congo,Central_African_Rep.,South_Sudan,Uganda,Tanzania,Zambia,Angola,Rep._of_the_Congo
Angola,315,449,The_Congo,D.R.O.T._Congo,Zambia,Namibia,Botswana
Zambia,408,462,The_Congo,D.R.O.T._Congo,Tanzania,Malawi,Mozambique,Zimbabwe,Botswana,Angola

Uganda,452,323,Eastern_Africa,South_Sudan,Kenya,Tanzania,D.R.O.T._Congo
Kenya,498,330,Eastern_Africa,South_Sudan,Ethiopia,Somalia,Tanzania,Uganda
Tanzania,470,391,Eastern_Africa,Uganda,Kenya,Mozambique,Malawi,D.R.O.T._Congo,Zambia
Malawi,460,454,Eastern_Africa,Tanzania,Mozambique,Zambia

Namibia,315,534,Southern_Africa,Angola,Botswana,South_Africa
Botswana,373,529,Southern_Africa,Angola,Zambia,Zimbabwe,South_Africa,Namibia
Zimbabwe,425,506,Southern_Africa,Zambia,Mozambique,South_Africa,Botswana
Mozambique,482,496,Southern_Africa,Tanzania,Malawi,Madagascar,Zambia,Zimbabwe,South_Africa
Madagascar,567,512,Southern_Africa,Mozambique
South_Africa,385,596,Southern_Africa,Namibia,Botswana,Zimbabwe,Mozambique



