[Map]
author=Rustin_Terry
image=Asia.bmp
wrap=yes
scroll=horizontal
warn=yes


[Continents]
North_Asia=3
Asia_Minor=4
Arabian_Peninsula=2
Indian_Sub-Continent=2
South_East_Asia=4
Oceania=4
Persia=8


[Territories]
Saudi_Arabia,77,295,Arabian_Peninsula,Yemen,Omen,United_Arab_Emigrants,Qatar,Buhrain,Kuwait,Iraq,Jordan
Kuwait,105,251,Arabian_Peninsula,Saudi_Arabia,Iraq,Iran
Buhrain,120,277,Arabian_Peninsula,Saudi_Arabia,Qatar
Qatar,119,301,Arabian_Peninsula,Buhrain,Saudi_Arabia,United_Arab_Emigrants
United_Arab_Emigrants,146,311,Arabian_Peninsula,Qatar,Saudi_Arabia,Omen
Omen,157,343,Arabian_Peninsula,United_Arab_Emigrants,Saudi_Arabia,Yemen
Yemen,89,361,Arabian_Peninsula,Saudi_Arabia,Omen

Turkey,60,155,Asia_Minor,Cyprus,Syria,Iraq,Iran,Armenia,Georgia
Cyprus,27,191,Asia_Minor,Turkey,Syria,Israel,Lebanon
Syria,71,197,Asia_Minor,Turkey,Iraq,Jordan,Israel,Lebanon,Cyprus
Iraq,93,223,Asia_Minor,Iran,Kuwait,Saudi_Arabia,Jordan,Syria,Turkey
Jordan,48,225,Asia_Minor,Israel,Syria,Iraq,Saudi_Arabia
Lebanon,42,200,Asia_Minor,Cyprus,Syria,Israel
Israel,33,219,Asia_Minor,Cyprus,Lebanon,Jordan,Syria

Russia,363,81,North_Asia,Japan,North_Korea,China,Mongolia,Kazakhstan,Georgia,Azerbaijan
Japan,678,141,North_Asia,Russia,North_Korea,South_Korea
North_Korea,593,152,North_Asia,China,Russia,Japan,South_Korea
South_Korea,618,181,North_Asia,North_Korea,Japan
China,463,236,North_Asia,Philippines,North_Korea,Russia,Mongolia,Kazakhstan,India,Myanmar,Vietnam
Mongolia,448,144,North_Asia,Russia,China,Kazakhstan
Kazakhstan,273,136,North_Asia,Russia,Mongolia,China,Uzbekistan,Kyrgyzstan,Turkmenistan

Georgia,110,152,Persia,Russia,Azerbaijan,Armenia,Turkey
Armenia,122,177,Persia,Georgia,Azerbaijan,Iran,Turkey
Azerbaijan,143,181,Persia,Georgia,Armenia,Iran,Russia
Iran,163,252,Persia,Armenia,Azerbaijan,Turkey,Iraq,Kuwait,Turkmenistan,Afghanistan,Pakistan
Turkmenistan,184,194,Persia,Kazakhstan,Uzbekistan,Afghanistan,Iran
Uzbekistan,227,180,Persia,Kazakhstan,Turkmenistan,Kyrgyzstan,Tajikistan,Afghanistan
Kyrgyzstan,301,192,Persia,Kazakhstan,Uzbekistan,Tajikistan
Tajikistan,278,216,Persia,Uzbekistan,Kyrgyzstan,Afghanistan
Afghanistan,225,253,Persia,Iran,Turkmenistan,Uzbekistan,Tajikistan,Pakistan
Pakistan,264,277,Persia,Iran,Afghanistan,India

India,314,339,Indian_Sub-Continent,Pakistan,China,Nepal,Bhutan,Myanmar,Bangladesh,Maldives,Sri_Lanka
Nepal,347,293,Indian_Sub-Continent,India
Bhutan,396,296,Indian_Sub-Continent,India
Bangladesh,394,332,Indian_Sub-Continent,India,Myanmar
Sri_Lanka,330,457,Indian_Sub-Continent,India
Maldives,273,493,Indian_Sub-Continent,India

Myanmar,440,338,South_East_Asia,China,India,Bangladesh,Thailand,Laos
Thailand,484,371,South_East_Asia,Myanmar,Laos,Cambodia,West_Malaysia
Laos,487,344,South_East_Asia,Myanmar,Vietnam,Cambodia,Thailand
Vietnam,540,386,South_East_Asia,China,Laos,Brunei,East_Malaysia,Cambodia
Cambodia,509,395,South_East_Asia,Thailand,Laos,Vietnam
West_Malaysia,491,459,South_East_Asia,Thailand,East_Malaysia,Singapore
Singapore,502,498,South_East_Asia,West_Malaysia,Indonesia

Indonesia,620,461,Oceania,Singapore,East_Malaysia,Philippines
East_Malaysia,572,452,Oceania,Brunei,Vietnam,West_Malaysia,Indonesia,Philippines
Brunei,589,437,Oceania,Vietnam,East_Malaysia
Philippines,627,360,Oceania,China,East_Malaysia,Indonesia