
[Continents]
UK_and_Ireland=3
Scandanavia=4
Russia=6
Western_Europe=5
Balkans=7
Central_Europe=7
Italy=3

[Territories]
Ireland,81,320,UK_and_Ireland,Northern_Ireland,Wales
Northern_Ireland,98,295,UK_and_Ireland,Ireland,Scotland
Scotland,133,266,UK_and_Ireland,Northern_Ireland,Northern_England,Norway
Northern_England,147,321,UK_and_Ireland,Scotland,Southern_England,Wales
Southern_England,152,362,UK_and_Ireland,Wales,Northern_England,Netherlands,Eastern_France,Belgium
Wales,127,345,UK_and_Ireland,Ireland,Northern_England,Southern_England

Norway,294,121,Scandanavia,Scotland,Southern_Sweden,Northern_Sweden,Northern_Finland,Northern_Russia
Southern_Sweden,314,234,Scandanavia,Denmark,Poland,Northern_Sweden,Norway,Southern_Finland
Northern_Sweden,333,120,Scandanavia,Southern_Sweden,Norway,Northern_Finland,Southern_Finland
Northern_Finland,386,77,Scandanavia,Northern_Sweden,Norway,Northern_Russia,Southern_Finland
Southern_Finland,398,164,Scandanavia,Estonia,Northern_Russia,Northern_Finland,Southern_Sweden,Northern_Sweden
Denmark,263,295,Scandanavia,Southern_Sweden,West_Germany

Northern_Russia,489,124,Russia,Norway,Northern_Finland,Southern_Finland,Southern_Russia
Southern_Russia,503,245,Russia,Northern_Russia,Estonia,Latvia,Belarus,Ukraine
Estonia,410,229,Russia,Southern_Finland,Latvia,Southern_Russia
Latvia,414,263,Russia,Estonia,Lithuania,Belarus,Southern_Russia
Lithuania,398,295,Russia,Poland,Belarus,Latvia
Belarus,452,320,Russia,Latvia,Lithuania,Poland,Ukraine,Southern_Russia
Ukraine,495,374,Russia,Romania,Moldova,Hungary,Slovakia,Poland,Belarus,Southern_Russia,Turkey
Moldova,492,424,Russia,Romania,Ukraine

Netherlands,221,357,Western_Europe,Southern_England,Belgium,West_Germany
Belgium,213,385,Western_Europe,Southern_England,Netherlands,West_Germany,Eastern_France
Eastern_France,199,422,Western_Europe,Belgium,Southern_England,Western_France,Switzerland,West_Germany,Northern_Italy,Corsica
Western_France,164,475,Western_Europe,Northern_Spain,Eastern_France
Northern_Spain,92,527,Western_Europe,Portugal,Southern_Spain,Western_France,Sardinia
Southern_Spain,74,582,Western_Europe,Portugal,Northern_Spain
Portugal,27,547,Western_Europe,Southern_Spain,Northern_Spain

Northern_Italy,290,506,Italy,Corsica,Croatia,Slovenia,Austria,Switzerland,Eastern_France,Southern_Italy
Southern_Italy,342,554,Italy,Sicily,Albania,Northern_Italy
Sicily,327,611,Italy,Sardinia,Southern_Italy
Corsica,259,533,Italy,Northern_Italy,Sardinia,Eastern_France
Sardinia,258,569,Italy,Corsica,Sicily,Northern_Spain

East_Germany,298,355,Central_Europe,Poland,Czech_Republic,West_Germany
West_Germany,256,385,Central_Europe,Denmark,Netherlands,Belgium,Eastern_France,Switzerland,Austria,Czech_Republic,East_Germany
Switzerland,249,450,Central_Europe,Eastern_France,Northern_Italy,Austria,West_Germany
Austria,320,441,Central_Europe,West_Germany,Switzerland,Northern_Italy,Slovenia,Hungary,Slovakia,Czech_Republic
Czech_Republic,325,399,Central_Europe,East_Germany,West_Germany,Austria,Slovakia,Poland
Poland,363,352,Central_Europe,Southern_Sweden,East_Germany,Czech_Republic,Slovakia,Ukraine,Belarus,Lithuania
Slovakia,376,415,Central_Europe,Poland,Czech_Republic,Austria,Hungary,Ukraine
Hungary,382,444,Central_Europe,Austria,Slovenia,Croatia,Yugoslavia,Romania,Ukraine,Slovakia

Slovenia,328,464,Balkans,Northern_Italy,Croatia,Hungary,Austria
Croatia,336,485,Balkans,Slovenia,Northern_Italy,Bosnia,Yugoslavia,Hungary
Bosnia,369,490,Balkans,Croatia,Yugoslavia
Yugoslavia,406,495,Balkans,Hungary,Croatia,Bosnia,Albania,Macedonia,Bulgaria,Romania
Albania,402,543,Balkans,Greece,Macedonia,Yugoslavia,Southern_Italy
Macedonia,422,534,Balkans,Albania,Yugoslavia,Bulgaria,Greece
Romania,445,454,Balkans,Moldova,Ukraine,Hungary,Yugoslavia,Bulgaria
Bulgaria,458,510,Balkans,Turkey,Greece,Macedonia,Yugoslavia,Romania
Greece,432,574,Balkans,Albania,Macedonia,Bulgaria,Turkey
Turkey,521,553,Balkans,Ukraine,Bulgaria,Greece

