[Map]
image=France.bmp
wrap=no
scroll=none
author=Terry_Lobert

[Continents]
Alsace/Lorraine=1
Aquitaine=2
Auvergne/Limousin=3
Bretagne=1
Bourgogne/Franche-Comte=3
Centre=3
Champagne-Ardenne=2
Ile-de-France=2
Languedoc-Roussillon=2
Midi-Pyrenees=4
Normandie=2
Pays_de_la_Loire=2
Nord-Pas-de-Calais/Picardie=1
Poitou-Charentes=2
Provence-Alpes-Cote_d'Azur=3
Rhone-Alpes=3

[Territories]
Aisne,530,170,Nord-Pas-de-Calais/Picardie,Nord,Somme,Oise,Ardennes,Marne,Seine-Et-Marne_
Nord,520,110,Nord-Pas-de-Calais/Picardie,Pas-De-Calais,Aisne
Oise,460,190,Nord-Pas-de-Calais/Picardie,Somme,Aisne,Seine-Maritime,Eure,Val_D'Oise,Seine-Et-Marne
Pas-De-Calais,460,100,Nord-Pas-de-Calais/Picardie,Nord,Somme
Somme,460,150,Nord-Pas-de-Calais/Picardie,Pas-De-Calais,Aisne,Oise,Seine-Maritime

Seine-Maritime,380,170,Normandie,Somme,Oise,Eure
Eure,380,220,Normandie,Seine-Maritime,Oise,Val_D'Oise,Yvelines,Eure-Et-Loir,Orne,Calvados
Calvados,300,220,Normandie,Eure,Orne,Manche
Orne,340,250,Normandie,Eure,Eure-Et-Loir,Sarthe,Mayenne,Manche,Calvados
Manche,240,200,Normandie,Calvados,Orne,Mayenne,Ille-Et-Vilaine

Finistere,80,270,Bretagne,Cotes-Du-Nord,Morbihan
Cotes-Du-Nord,140,270,Bretagne,Finistere,Morbihan,Ille-Et-Vilaine
Morbihan,150,320,Bretagne,Finistere,Cotes-Du-Nord,Loire_Atlantique,Ille-Et-Vilaine
Ille-Et-Vilaine,220,300,Bretagne,Cotes-Du-Nord,Morbihan,Loire_Atlantique,Mayenne,Manche

Loire_Atlantique,220,360,Pays_de_la_Loire,Morbihan,Ille-Et-Vilaine,Maine-Et-Loire,Vendee
Mayenne,280,300,Pays_de_la_Loire,Manche,Orne,Sarthe,Maine-Et-Loire,Ille-Et-Vilaine
Sarthe,330,320,Pays_de_la_Loire,Orne,Loir-Et-Cher,Inore-Et-Loire,Maine-Et-Loire,Mayenne
Maine-Et-Loire,290,370,Pays_de_la_Loire,Mayenne,Sarthe,Inore-Et-loire,Vienne,Deux_Sevres,Vendee,Loire_Atlantique
Vendee,240,430,Pays_de_la_Loire,Loire_Atlantique,Maine-Et-Loire,Deux_Sevres,Charente_Maritime

Charente_Maritime,270,500,Poitou-Charentes,Vendee,Deux_Sevres,Charente,Gironde
Deux_Sevres,290,440,Poitou-Charentes,Vendee,Maine-Et-Loire,Vienne,Charente,Charente_Maritime
Vienne,340,440,Poitou-Charentes,Maine-Et-Loire,Inore-Et-Loire,Indre,Haute_Vienne,Charente,Deux_Sevres
Charente,320,520,Poitou-Charentes,Deux_Sevres,Vienne,Haute_Vienne,Dordogne,Charente_Maritime

Gironde,270,610,Aquitaine,Charente_Maritime,Dordogne,Lot-Et-Garonne,Landes
Landes,250,680,Aquitaine,Gironde,Lot-Et-Garonne,Gers,Pyrenees_Atlantiques
Pyrenees_Atlantiques,260,740,Aquitaine,Landes,Hautes_Pyrenees
Dordogne,360,580,Aquitaine,Charente,Haute_Vienne,Correze,Lot,Lot-Et-Garonne,Gironde
Lot-Et-Garonne,340,640,Aquitaine,Dordogne,Lot,Tarn-Et-Garonne,Gers,Landes,Gironde

Val_D'Oise,450,218,Ile-de-France,Eure,Oise,Seine-Et-Marne,Paris,Yvelines
Seine-Et-Marne,500,260,Ile-de-France,Oise,Aisne,Marne,Aube,Yonne,Loiret,Essonne,Val_D'Oise
Essonne,460,270,Ile-de-France,Yvelines,Paris,Seine-Et-Marne,Loiret,Eure-Et-Loir
Yvelines,430,240,Ile-de-France,Val_D'Oise,Paris,Essonne,Eure-Et-Loir,Eure
Paris,458,238,Ile-de-France,Val_D'Oise,Essonne,Yvelines

Eure-Et-Loir,400,290,Centre,Eure,Yvelines,Essonne,Loiret,Loir-Et-Cher,Orne
Loiret,460,330,Centre,Eure-Et-Loir,Essonne,Seine-Et-Marne,Yonne,Cher,Loir-Et-Cher
Loir-Et-Cher,400,350,Centre,Eure-Et-Loir,Loiret,Cher,Indre,Inore-Et-Loire,Sarthe
Inore-Et-Loire,360,380,Centre,Loir-Et-Cher,Indre,Vienne,Maine-Et-Loire,Sarthe
Indre,410,430,Centre,Loir-Et-Cher,Cher,Creuse,Haute_Vienne,Vienne,Inore-Et-Loire
Cher,470,400,Centre,Loiret,Nievre,Allier,Indre,Loir-Et-Cher,Creuse

Ardennes,590,170,Champagne-Ardenne,Aisne,Marne,Meuse
Marne,580,230,Champagne-Ardenne,Ardennes,Meuse,Haute_Marne,Aube,Seine-Et-Marne,Aisne
Aube,570,290,Champagne-Ardenne,Marne,Haute_Marne,Cote_D'Or,Yonne,Seine-Et-Marne
Haute_Marne,640,310,Champagne-Ardenne,Marne,Meuse,Vosges,Haute_Saone,Cote_D'Or,Aube

Meuse,640,230,Alsace/Lorraine,Meurthe-Et-Moselle,Vosges,Haute_Marne,Marne,Ardennes
Meurthe-Et-Moselle,690,260,Alsace/Lorraine,Moselle,Vosges,Meuse
Moselle,710,220,Alsace/Lorraine,Bas_Rhin,Meurthe-Et-Moselle
Bas_Rhin,770,250,Alsace/Lorraine,Moselle,Haut_Rhin,Vosges
Haut_Rhin,760,320,Alsace/Lorraine,Bas_Rhin,Vosges,Belfont
Vosges,710,300,Alsace/Lorraine,Meurthe-Et-Moselle,Bas_Rhin,Haut_Rhin,Haute_Saone,Haute_Marne,Meuse

Yonne,540,340,Bourgogne/Franche-Comte,Seine-Et-Marne,Aube,Cote_D'Or,Nievre,Loiret
Cote_D'Or,600,370,Bourgogne/Franche-Comte,Aube,Haute_Marne,Haute_Saone,Jura,Saone-Et-Loire,Nievre,Yonne
Nievre,530,400,Bourgogne/Franche-Comte,Yonne,Cote_D'Or,Saone-Et-Loire,Allier,Cher
Saone-Et-Loire,600,440,Bourgogne/Franche-Comte,Cote_D'Or,Jura,Ain,Rhone,Loire,Allier,Nievre
Haute_Saone,690,340,Bourgogne/Franche-Comte,Vosges,Belfont,Doubs,Jura,Cote_D'Or,Haute_Marne
Belfont,738,342,Bourgogne/Franche-Comte,Haut_Rhin,Doubs,Haute_Saone
Doubs,700,390,Bourgogne/Franche-Comte,Haute_Saone,Belfont,Jura
Jura,670,430,Bourgogne/Franche-Comte,Haute_Saone,Doubs,Ain,Saone-Et-Loire,Cote_D'Or

Creuse,440,490,Auvergne/Limousin,Indre,Allier,Puy-De-Dome,Correze,Haute_Vienne,Cher
Allier,520,460,Auvergne/Limousin,Cher,Nievre,Saone-Et-Loire,Loire,Creuse,Puy-De-Dome
Haute_Vienne,390,510,Auvergne/Limousin,Indre,Creuse,Correze,Dordogne,Charente,Vienne
Correze,430,550,Auvergne/Limousin,Creuse,Puy-De-Dome,Cantal,Lot,Dordogne,Haute_Vienne
Puy-De-Dome,510,520,Auvergne/Limousin,Allier,Loire,Haute_Loire,Cantal,Correze,Creuse
Cantal,480,570,Auvergne/Limousin,Puy-De-Dome,Haute_Loire,Lozere,Aveyron,Lot,Correze
Haute_Loire,550,580,Auvergne/Limousin,Puy-De-Dome,Loire,Ardeche,Lozere,Cantal

Loire,570,510,Rhone-Alpes,Saone-Et-Loire,Rhone,Ardeche,Haute_Loire,Puy-De-Dome,Allier,Isere
Ain,650,485,Rhone-Alpes,Jura,Haute_Savoie,Savoie,Isere,Rhone,Saone-Et-Loire_
Rhone,610,520,Rhone-Alpes,Saone-Et-Loire,Ain,Isere,Loire
Haute_Savoie,720,480,Rhone-Alpes,Ain,Savoie
Savoie,730,540,Rhone-Alpes,Haute_Savoie,Hautes_Alpes,Isere,Ain
Isere,670,560,Rhone-Alpes,Ain,Savoie,Hautes_Alpes,Drome,Rhone,Ardeche,Loire
Drome,640,610,Rhone-Alpes,Isere,Hautes_Alpes,Alpes-De-Haute-Provence,Vauclose,Ardeche
Ardeche,590,610,Rhone-Alpes,Loire,Drome,Gard,Lozere,Haute_Loire,Loire,Isere

Vauclose,640,670,Provence-Alpes-Cote_d'Azur,Drome,Alpes-De-Haute-Provence,Bouches-Du-Rhone,Gard
Hautes_Alpes,720,610,Provence-Alpes-Cote_d'Azur,Savoie,Isere,Drome,Alpes-De-Haute-Provence
Alpes-de-Haute-Provence,710,660,Provence-Alpes-Cote_d'Azur,Drome,Hautes_Alpes,Alpes-Maritimes,Var,Bouches-Du-Rhone,Vauclose
Alpes-Maritimes,770,670,Provence-Alpes-Cote_d'Azur,Alpes-de-Haute-Provence,Var,Haute_Corse
Var,710,730,Provence-Alpes-Cote_d'Azur,Alpes-Maritimes,Alpes-de-Haute-Provence,Bouches-Du-Rhone
Bouches-Du-Rhone,630,710,Provence-Alpes-Cote_d'Azur,Gard,Vauclose,Var,Alpes-de-Haute-Provence
Haute_Corse,910,800,Provence-Alpes-Cote_d'Azur,Alpes-Maritimes,Corse-Du-Sud
Corse-Du-Sud,910,870,Provence-Alpes-Cote_d'Azur,Haute_Corse,Herault

Lot,410,620,Midi-Pyrenees,Correze,Cantal,Aveyron,Tarn-Et-Garonne,Lot-Et-Garonne,Dordogne
Aveyron,480,650,Midi-Pyrenees,Cantal,Lozere,Gard,Herault,Tarn,Tarn-Et-Garonne,Lot
Tarn-Et-Garonne,390,670,Midi-Pyrenees,Lot,Aveyron,Tarn,Haute_Garonne,Gers,Lot-Et-Garonne
Gers,340,700,Midi-Pyrenees,Lot-Et-Garonne,Tarn-Et-Garonne,Haute_Garonne,Hautes_Pyrenees,Landes
Hautes_Pyrenees,320,760,Midi-Pyrenees,Gers,Haute_Garonne,Pyrenees_Atlantiques
Haute_Garonne,400,720,Midi-Pyrenees,Gers,Tarn-Et-Garonne,Tarn,Ariege,Hautes_Pyrenees,Aude
Ariege,400,770,Midi-Pyrenees,Haute_Garonne,Aude,Pyrenees_Orientales
Tarn,450,690,Midi-Pyrenees,Aveyron,Herault,Aude,Haute_Garonne,Tarn-ET-Garonne

Lozere,530,630,Languedoc-Roussillon,Haute_Loire,Ardeche,Gard,Aveyron,Cantal
Gard,590,680,Languedoc-Roussillon,Lozere,Ardeche,Vauclose,Bouches-Du-Rhone,Herault,Aveyron
Herault,520,720,Languedoc-Roussillon,Gard,Corse-Du-Sud,Aude,Tarn,Aveyron
Aude,460,760,Languedoc-Roussillon,Tarn,Herault,Pyrenees_Orientales,Ariege,Haute_Garonne
Pyrenees_Orientales,480,800,Languedoc-Roussillon,Aude,Ariege